2026-08-21T00:22:50 INFO app.core.model Initialising rembg session model=u2net
INFO:     Started server process [15904]
INFO:     Waiting for application startup.
INFO:     Application startup complete.
INFO:     Uvicorn running on http://127.0.0.1:8765 (Press CTRL+C to quit)
2026-08-21T00:22:51 INFO app.core.model rembg session ready
2026-08-21T00:48:59 INFO bg_removal request_start request_id=d11a4c5f651b mode=auto size=0 bytes file_size=0
2026-08-21T00:48:59 WARNING bg_removal request_fail request_id=d11a4c5f651b duration_ms=2 error=VALIDATION_FAILED detail=400: {'success': False, 'error': {'code': 'EMPTY_UPLOAD', 'message': 'The uploaded file is empty.'}}
2026-08-21T00:51:08 INFO bg_removal request_start request_id=aed55e8d729a mode=auto size=70 bytes file_size=70
2026-08-21T00:51:08 INFO app.services.background_removal === PIPELINE START: 1x1 image, alpha_matting=True, edge_refinement=True ===
2026-08-21T00:51:10 INFO app.services.background_removal [Step 1] rembg segmentation: 1471.6ms, 1 unique alpha values
2026-08-21T00:51:10 INFO app.services.background_removal [Step 2] refine_mask_edges: 1.6ms, 1 unique alpha values
2026-08-21T00:51:10 INFO app.services.background_removal [Step 3] decontaminate_matte: 6.6ms
2026-08-21T00:51:10 INFO app.services.background_removal === PIPELINE DONE: steps=rembg(u2net) -> refine_mask_edges -> decontaminate_matte ===
2026-08-21T00:51:10 INFO bg_removal request_ok request_id=aed55e8d729a duration_ms=1621 output_size=70 has_alpha=True
2026-08-21T00:51:49 INFO bg_removal request_start request_id=42e241c35dae mode=auto size=70 bytes file_size=70
2026-08-21T00:51:49 INFO app.services.background_removal === PIPELINE START: 1x1 image, alpha_matting=True, edge_refinement=True ===
2026-08-21T00:51:50 INFO app.services.background_removal [Step 1] rembg segmentation: 1140.9ms, 1 unique alpha values
2026-08-21T00:51:50 INFO app.services.background_removal [Step 2] refine_mask_edges: 0.8ms, 1 unique alpha values
2026-08-21T00:51:50 INFO app.services.background_removal [Step 3] decontaminate_matte: 5.7ms
2026-08-21T00:51:50 INFO app.services.background_removal === PIPELINE DONE: steps=rembg(u2net) -> refine_mask_edges -> decontaminate_matte ===
2026-08-21T00:51:50 INFO bg_removal request_ok request_id=42e241c35dae duration_ms=1198 output_size=70 has_alpha=True
